This is pdfTeX, Version 3.141592653-2.6-1.40.22 (TeX Live 2021 Gentoo Linux) (preloaded format=pdflatex 2023.12.7)  9 JAN 2024 18:42
entering extended mode
 restricted \write18 enabled.
 %&-line parsing enabled.
**src/test.c
(./src/test.c
LaTeX2e <2020-10-01> patch level 4
L3 programming layer <2021-02-18>
! You can't use `macro parameter character #' in vertical mode.
l.1 #
     include <errno.h>
? 
! Emergency stop.
l.1 #
     include <errno.h>
End of file on the terminal!

 
Here is how much of TeX's memory you used:
 18 strings out of 480828
 394 string characters out of 5904579
 278523 words of memory out of 5000000
 17372 multiletter control sequences out of 15000+600000
 403430 words of font info for 27 fonts, out of 8000000 for 9000
 59 hyphenation exceptions out of 8191
 13i,0n,15p,60b,10s stack positions out of 5000i,500n,10000p,200000b,80000s
!  ==> Fatal error occurred, no output PDF file produced!
